This file contains any messages produced by compilers while
running configure, to aid debugging if configure makes a mistake.

It was created by ragel configure 6.10, which was
generated by GNU Autoconf 2.69.  Invocation command line was

  $ /home/nathan/projects/omnipp/third_party/ragel/configure --prefix=/home/nathan/projects/omnipp/build/third_party/ragel

## --------- ##
## Platform. ##
## --------- ##

hostname = c06cf5430ff3
uname -m = x86_64
uname -r = 6.6.87.2-microsoft-standard-WSL2
uname -s = Linux
uname -v = #1 SMP PREEMPT_DYNAMIC Thu Jun  5 18:30:46 UTC 2025

/usr/bin/uname -p = x86_64
/bin/uname -X     = unknown

/bin/arch              = x86_64
/usr/bin/arch -k       = unknown
/usr/convex/getsysinfo = unknown
/usr/bin/hostinfo      = unknown
/bin/machine           = unknown
/usr/bin/oslevel       = unknown
/bin/universe          = unknown

PATH: /usr/local/sbin
PATH: /usr/local/bin
PATH: /usr/sbin
PATH: /usr/bin
PATH: /sbin
PATH: /bin


## ----------- ##
## Core tests. ##
## ----------- ##

configure:1911: checking for a BSD-compatible install
configure:1979: result: /usr/bin/install -c
configure:1990: checking whether build environment is sane
configure:2045: result: yes
configure:2196: checking for a thread-safe mkdir -p
configure:2235: result: /usr/bin/mkdir -p
configure:2242: checking for gawk
configure:2272: result: no
configure:2242: checking for mawk
configure:2258: found /usr/bin/mawk
configure:2269: result: mawk
configure:2280: checking whether make sets $(MAKE)
configure:2302: result: yes
configure:2331: checking whether make supports nested variables
configure:2348: result: yes
configure:2565: checking for gcc
configure:2592: result: /usr/local/bin/x86_64-linux-musl-gcc
configure:2821: checking for C compiler version
configure:2830: /usr/local/bin/x86_64-linux-musl-gcc --version >&5
x86_64-linux-musl-gcc (GCC) 17.0.0 20260718 (experimental)
Copyright (C) 2026 Free Software Foundation, Inc.
This is free software; see the source for copying conditions.  There is NO
warranty; not even for MERCHANTABILITY or FITNESS FOR A PARTICULAR PURPOSE.

configure:2841: $? = 0
configure:2830: /usr/local/bin/x86_64-linux-musl-gcc -v >&5
Using built-in specs.
COLLECT_GCC=/usr/local/bin/x86_64-linux-musl-gcc
COLLECT_LTO_WRAPPER=/usr/local/libexec/gcc/x86_64-linux-musl/17.0.0/lto-wrapper
Target: x86_64-linux-musl
Configured with: ../gcc-trunk/configure --prefix=/usr/local --target=x86_64-linux-musl --enable-languages=c,c++ --enable-shared --enable-static --with-system-zlib --enable-libgomp --enable-libatomic --enable-graphite --enable-libsanitizer --disable-multilib --disable-nls --disable-werror
Thread model: posix
Supported LTO compression algorithms: zlib
gcc version 17.0.0 20260718 (experimental) (GCC) 
configure:2841: $? = 0
configure:2830: /usr/local/bin/x86_64-linux-musl-gcc -V >&5
x86_64-linux-musl-gcc: error: unrecognized command-line option '-V'
x86_64-linux-musl-gcc: fatal error: no input files
compilation terminated.
configure:2841: $? = 1
configure:2830: /usr/local/bin/x86_64-linux-musl-gcc -qversion >&5
x86_64-linux-musl-gcc: error: unrecognized command-line option '-qversion'; did you mean '--version'?
x86_64-linux-musl-gcc: fatal error: no input files
compilation terminated.
configure:2841: $? = 1
configure:2861: checking whether the C compiler works
configure:2883: /usr/local/bin/x86_64-linux-musl-gcc -static -march=native -ggdb  -static conftest.c  >&5
configure:2887: $? = 0
configure:2935: result: yes
configure:2938: checking for C compiler default output file name
configure:2940: result: a.out
configure:2946: checking for suffix of executables
configure:2953: /usr/local/bin/x86_64-linux-musl-gcc -o conftest -static -march=native -ggdb  -static conftest.c  >&5
configure:2957: $? = 0
configure:2979: result: 
configure:3001: checking whether we are cross compiling
configure:3009: /usr/local/bin/x86_64-linux-musl-gcc -o conftest -static -march=native -ggdb  -static conftest.c  >&5
configure:3013: $? = 0
configure:3020: ./conftest
configure:3024: $? = 0
configure:3039: result: no
configure:3044: checking for suffix of object files
configure:3066: /usr/local/bin/x86_64-linux-musl-gcc -c -static -march=native -ggdb  conftest.c >&5
configure:3070: $? = 0
configure:3091: result: o
configure:3095: checking whether we are using the GNU C compiler
configure:3114: /usr/local/bin/x86_64-linux-musl-gcc -c -static -march=native -ggdb  conftest.c >&5
configure:3114: $? = 0
configure:3123: result: yes
configure:3132: checking whether /usr/local/bin/x86_64-linux-musl-gcc accepts -g
configure:3152: /usr/local/bin/x86_64-linux-musl-gcc -c -g  conftest.c >&5
configure:3152: $? = 0
configure:3193: result: yes
configure:3210: checking for /usr/local/bin/x86_64-linux-musl-gcc option to accept ISO C89
configure:3273: /usr/local/bin/x86_64-linux-musl-gcc  -c -static -march=native -ggdb  conftest.c >&5
conftest.c: In function 'e':
conftest.c:17:14: warning: old-style function definition [-Wold-style-definition]
   17 | static char *e (p, i)
      |              ^
configure:3273: $? = 0
configure:3286: result: none needed
configure:3311: checking whether /usr/local/bin/x86_64-linux-musl-gcc understands -c and -o together
configure:3333: /usr/local/bin/x86_64-linux-musl-gcc -c conftest.c -o conftest2.o
configure:3336: $? = 0
configure:3333: /usr/local/bin/x86_64-linux-musl-gcc -c conftest.c -o conftest2.o
configure:3336: $? = 0
configure:3348: result: yes
configure:3376: checking for style of include used by make
configure:3404: result: GNU
configure:3430: checking dependency style of /usr/local/bin/x86_64-linux-musl-gcc
configure:3541: result: gcc3
configure:3668: checking for C++ compiler version
configure:3677: /usr/local/bin/x86_64-linux-musl-g++ --version >&5
x86_64-linux-musl-g++ (GCC) 17.0.0 20260718 (experimental)
Copyright (C) 2026 Free Software Foundation, Inc.
This is free software; see the source for copying conditions.  There is NO
warranty; not even for MERCHANTABILITY or FITNESS FOR A PARTICULAR PURPOSE.

configure:3688: $? = 0
configure:3677: /usr/local/bin/x86_64-linux-musl-g++ -v >&5
Using built-in specs.
COLLECT_GCC=/usr/local/bin/x86_64-linux-musl-g++
COLLECT_LTO_WRAPPER=/usr/local/libexec/gcc/x86_64-linux-musl/17.0.0/lto-wrapper
Target: x86_64-linux-musl
Configured with: ../gcc-trunk/configure --prefix=/usr/local --target=x86_64-linux-musl --enable-languages=c,c++ --enable-shared --enable-static --with-system-zlib --enable-libgomp --enable-libatomic --enable-graphite --enable-libsanitizer --disable-multilib --disable-nls --disable-werror
Thread model: posix
Supported LTO compression algorithms: zlib
gcc version 17.0.0 20260718 (experimental) (GCC) 
configure:3688: $? = 0
configure:3677: /usr/local/bin/x86_64-linux-musl-g++ -V >&5
x86_64-linux-musl-g++: error: unrecognized command-line option '-V'
x86_64-linux-musl-g++: fatal error: no input files
compilation terminated.
configure:3688: $? = 1
configure:3677: /usr/local/bin/x86_64-linux-musl-g++ -qversion >&5
x86_64-linux-musl-g++: error: unrecognized command-line option '-qversion'; did you mean '--version'?
x86_64-linux-musl-g++: fatal error: no input files
compilation terminated.
configure:3688: $? = 1
configure:3692: checking whether we are using the GNU C++ compiler
configure:3711: /usr/local/bin/x86_64-linux-musl-g++ -c -static -march=native -ggdb  conftest.cpp >&5
configure:3711: $? = 0
configure:3720: result: yes
configure:3729: checking whether /usr/local/bin/x86_64-linux-musl-g++ accepts -g
configure:3749: /usr/local/bin/x86_64-linux-musl-g++ -c -g  conftest.cpp >&5
configure:3749: $? = 0
configure:3790: result: yes
configure:3815: checking dependency style of /usr/local/bin/x86_64-linux-musl-g++
configure:3926: result: gcc3
configure:3984: checking for ar
configure:4000: found /usr/bin/ar
configure:4011: result: ar
configure:4076: checking for ranlib
configure:4092: found /usr/bin/ranlib
configure:4103: result: ranlib
configure:4133: checking whether make sets $(MAKE)
configure:4155: result: yes
configure:4353: checking for gdc
configure:4383: result: no
configure:4389: checking for the Objective-C compiler
configure:4400: result: no
configure:4407: checking for javac
configure:4437: result: no
configure:4445: checking for txl
configure:4475: result: no
configure:4483: checking for ruby
configure:4513: result: no
configure:4521: checking for gmcs
configure:4551: result: no
configure:4559: checking for go
configure:4589: result: no
configure:4700: checking that generated files are newer than configure
configure:4706: result: done
configure:4741: creating ./config.status

## ---------------------- ##
## Running config.status. ##
## ---------------------- ##

This file was extended by ragel config.status 6.10, which was
generated by GNU Autoconf 2.69.  Invocation command line was

  CONFIG_FILES    = 
  CONFIG_HEADERS  = 
  CONFIG_LINKS    = 
  CONFIG_COMMANDS = 
  $ ./config.status 

on c06cf5430ff3

config.status:873: creating Makefile
config.status:873: creating ragel/Makefile
config.status:873: creating aapl/Makefile
config.status:873: creating doc/Makefile
config.status:873: creating doc/ragel.1
config.status:873: creating contrib/Makefile
config.status:873: creating test/Makefile
config.status:873: creating test/runtests
config.status:873: creating examples/Makefile
config.status:873: creating ragel/config.h
config.status:1054: ragel/config.h is unchanged
config.status:1102: executing depfiles commands
config.status:1102: executing default commands

## ---------------- ##
## Cache variables. ##
## ---------------- ##

ac_cv_c_compiler_gnu=yes
ac_cv_cxx_compiler_gnu=yes
ac_cv_env_CCC_set=
ac_cv_env_CCC_value=
ac_cv_env_CC_set=set
ac_cv_env_CC_value=/usr/local/bin/x86_64-linux-musl-gcc
ac_cv_env_CFLAGS_set=set
ac_cv_env_CFLAGS_value='-static -march=native -ggdb'
ac_cv_env_CPPFLAGS_set=
ac_cv_env_CPPFLAGS_value=
ac_cv_env_CXXFLAGS_set=set
ac_cv_env_CXXFLAGS_value='-static -march=native -ggdb'
ac_cv_env_CXX_set=set
ac_cv_env_CXX_value=/usr/local/bin/x86_64-linux-musl-g++
ac_cv_env_LDFLAGS_set=set
ac_cv_env_LDFLAGS_value=-static
ac_cv_env_LIBS_set=
ac_cv_env_LIBS_value=
ac_cv_env_build_alias_set=
ac_cv_env_build_alias_value=
ac_cv_env_host_alias_set=
ac_cv_env_host_alias_value=
ac_cv_env_target_alias_set=
ac_cv_env_target_alias_value=
ac_cv_objext=o
ac_cv_path_install='/usr/bin/install -c'
ac_cv_path_mkdir=/usr/bin/mkdir
ac_cv_prog_AWK=mawk
ac_cv_prog_ac_ct_AR=ar
ac_cv_prog_ac_ct_CC=/usr/local/bin/x86_64-linux-musl-gcc
ac_cv_prog_ac_ct_RANLIB=ranlib
ac_cv_prog_cc_c89=
ac_cv_prog_cc_g=yes
ac_cv_prog_cxx_g=yes
ac_cv_prog_make_make_set=yes
am_cv_CC_dependencies_compiler_type=gcc3
am_cv_CXX_dependencies_compiler_type=gcc3
am_cv_make_support_nested_variables=yes
am_cv_prog_cc_c_o=yes

## ----------------- ##
## Output variables. ##
## ----------------- ##

ACLOCAL='${SHELL} /home/nathan/projects/omnipp/third_party/ragel/missing aclocal-1.15'
AMDEPBACKSLASH='\'
AMDEP_FALSE='#'
AMDEP_TRUE=''
AMTAR='$${TAR-tar}'
AM_BACKSLASH='\'
AM_DEFAULT_V='$(AM_DEFAULT_VERBOSITY)'
AM_DEFAULT_VERBOSITY='1'
AM_V='$(V)'
AR='ar'
AUTOCONF='${SHELL} /home/nathan/projects/omnipp/third_party/ragel/missing autoconf'
AUTOHEADER='${SHELL} /home/nathan/projects/omnipp/third_party/ragel/missing autoheader'
AUTOMAKE='${SHELL} /home/nathan/projects/omnipp/third_party/ragel/missing automake-1.15'
AWK='mawk'
BUILD_MANUAL_FALSE=''
BUILD_MANUAL_TRUE='#'
BUILD_PARSERS_FALSE=''
BUILD_PARSERS_TRUE='#'
CC='/usr/local/bin/x86_64-linux-musl-gcc'
CCDEPMODE='depmode=gcc3'
CFLAGS='-static -march=native -ggdb'
CPPFLAGS=''
CXX='/usr/local/bin/x86_64-linux-musl-g++'
CXXDEPMODE='depmode=gcc3'
CXXFLAGS='-static -march=native -ggdb'
CYGPATH_W='echo'
DEFS='-DHAVE_CONFIG_H'
DEPDIR='.deps'
ECHO_C=''
ECHO_N='-n'
ECHO_T=''
EXEEXT=''
FIG2DEV=''
GDC=''
GMCS=''
GOBIN=''
GOBJC=''
INSTALL_DATA='${INSTALL} -m 644'
INSTALL_PROGRAM='${INSTALL}'
INSTALL_SCRIPT='${INSTALL}'
INSTALL_STRIP_PROGRAM='$(install_sh) -c -s'
JAVAC=''
KELBT=''
LDFLAGS='-static'
LIBOBJS=''
LIBS=''
LTLIBOBJS=''
MAKEINFO='${SHELL} /home/nathan/projects/omnipp/third_party/ragel/missing makeinfo'
MKDIR_P='/usr/bin/mkdir -p'
OBJEXT='o'
PACKAGE='ragel'
PACKAGE_BUGREPORT=''
PACKAGE_NAME='ragel'
PACKAGE_STRING='ragel 6.10'
PACKAGE_TARNAME='ragel'
PACKAGE_URL=''
PACKAGE_VERSION='6.10'
PATH_SEPARATOR=':'
PDFLATEX=''
PUBDATE='March 2017'
RAGEL=''
RANLIB='ranlib'
RUBY=''
SET_MAKE=''
SHELL='/bin/sh'
STRIP=''
TXL=''
VERSION='6.10'
ac_ct_CC='/usr/local/bin/x86_64-linux-musl-gcc'
ac_ct_CXX=''
am__EXEEXT_FALSE=''
am__EXEEXT_TRUE='#'
am__fastdepCC_FALSE='#'
am__fastdepCC_TRUE=''
am__fastdepCXX_FALSE='#'
am__fastdepCXX_TRUE=''
am__include='include'
am__isrc=''
am__leading_dot='.'
am__nodep='_no'
am__quote=''
am__tar='$${TAR-tar} chof - "$$tardir"'
am__untar='$${TAR-tar} xf -'
bindir='${exec_prefix}/bin'
build_alias=''
datadir='${datarootdir}'
datarootdir='${prefix}/share'
docdir='${datarootdir}/doc/${PACKAGE_TARNAME}'
dvidir='${docdir}'
exec_prefix='${prefix}'
host_alias=''
htmldir='${docdir}'
includedir='${prefix}/include'
infodir='${datarootdir}/info'
install_sh='${SHELL} /home/nathan/projects/omnipp/third_party/ragel/install-sh'
libdir='${exec_prefix}/lib'
libexecdir='${exec_prefix}/libexec'
localedir='${datarootdir}/locale'
localstatedir='${prefix}/var'
mandir='${datarootdir}/man'
mkdir_p='$(MKDIR_P)'
oldincludedir='/usr/include'
pdfdir='${docdir}'
prefix='/home/nathan/projects/omnipp/build/third_party/ragel'
program_transform_name='s,x,x,'
psdir='${docdir}'
runstatedir='${localstatedir}/run'
sbindir='${exec_prefix}/sbin'
sharedstatedir='${prefix}/com'
sysconfdir='${prefix}/etc'
target_alias=''

## ----------- ##
## confdefs.h. ##
## ----------- ##

/* confdefs.h */
#define PACKAGE_NAME "ragel"
#define PACKAGE_TARNAME "ragel"
#define PACKAGE_VERSION "6.10"
#define PACKAGE_STRING "ragel 6.10"
#define PACKAGE_BUGREPORT ""
#define PACKAGE_URL ""
#define PACKAGE "ragel"
#define VERSION "6.10"

configure: exit 0
